// Jest Snapshot v1, https://jestjs.io/docs/snapshot-testing

exports[`@tempo-ui/Feedback/FeedbackState renders 1`] = `
<DocumentFragment>
  <div
    class="tempo-feedback-state-v2"
  >
    <div
      class="tempo-feedback-state-v2__message"
    >
      <div
        class="tempo-feedback-state-v2__title"
      >
        Items not found
      </div>
      <div
        class="tempo-feedback-state-v2__subtitle"
      >
        Load another file to start
      </div>
    </div>
  </div>
</DocumentFragment>
`;
